// Jest Snapshot v1, https://goo.gl/fbAQLP

exports[`Examples of snapshot testing Tests Faqs page rendering 1`] = `
<div
  className="container mx-auto w-full max-w-7xl space-y-4 px-4 py-6 md:py-10 md:px-6"
>
  <div>
    <h2
      className="mb-4 text-center text-3xl font-bold capitalize text-primary dark:text-white"
    >
      Perguntas mais frequentes (FAQs)
    </h2>
    <p
      className="w-3/4 text-center mx-auto text-lg"
    >
      No caso de a tua dúvida persistir, contacta-nos pelo email
       
      <a
        className="text-primary transition-all hover:underline hover:opacity-80"
        href="mailto:projetos.niaefeup@gmail.com"
      >
        projetos.niaefeup@gmail.com
      </a>
       
      ou submete uma 
      <span
        className="font-bold underline"
      >
        issue
      </span>
       diretamente no
       
      <a
        className="text-primary transition-all hover:underline hover:opacity-80"
        href="https://github.com/NIAEFEUP/tts-revamp-fe/issues"
      >
        repositório do projeto
      </a>
      .
    </p>
  </div>
  <div
    className="mx-auto flex flex-col items-center justify-center gap-6 pt-14"
    id="planner"
  >
    <div
      className="flex flex-col items-center justify-center"
    >
      <button
        className="relative mb-2 text-center text-3xl font-bold capitalize text-slate-700 transition  before:absolute before:-left-8 hover:opacity-80 hover:before:content-['#'] dark:text-white"
        onClick={[Function]}
      >
        Time Table Selector
      </button>
    </div>
    <div
      className="mx-auto flex w-full flex-col gap-8"
    >
      <div
        className="rounded-2xl bg-white p-3 dark:bg-dark"
        data-headlessui-state=""
      >
        <button
          aria-expanded={false}
          className="group flex w-full items-center justify-between gap-1 rounded-lg bg-slate-200 px-3 py-2 text-sm font-medium tracking-tight text-slate-800 transition hover:bg-slate-700 hover:text-white dark:bg-primary/40 dark:text-white dark:hover:bg-primary/60 lg:px-4 lg:text-base"
          data-headlessui-state=""
          id="headlessui-disclosure-button-:r0:"
          onClick={[Function]}
          onKeyDown={[Function]}
          onKeyUp={[Function]}
          type="button"
        >
          <span
            className="text-left"
          >
            <span>
              Qual o caso de uso do TTS mais comum?
            </span>
          </span>
          <svg
            aria-hidden="true"
            className="h-5 w-5 min-w-[1.25rem] transition group-hover:text-white lg:h-6 lg:w-6 lg:min-w-[1.5rem]"
            data-slot="icon"
            fill="none"
            stroke="currentColor"
            strokeWidth={1.5}
            viewBox="0 0 24 24"
            xmlns="http://www.w3.org/2000/svg"
          >
            <path
              d="m4.5 15.75 7.5-7.5 7.5 7.5"
              strokeLinecap="round"
              strokeLinejoin="round"
            />
          </svg>
        </button>
      </div>
      <div
        className="rounded-2xl bg-white p-3 dark:bg-dark"
        data-headlessui-state=""
      >
        <button
          aria-expanded={false}
          className="group flex w-full items-center justify-between gap-1 rounded-lg bg-slate-200 px-3 py-2 text-sm font-medium tracking-tight text-slate-800 transition hover:bg-slate-700 hover:text-white dark:bg-primary/40 dark:text-white dark:hover:bg-primary/60 lg:px-4 lg:text-base"
          data-headlessui-state=""
          id="headlessui-disclosure-button-:r1:"
          onClick={[Function]}
          onKeyDown={[Function]}
          onKeyUp={[Function]}
          type="button"
        >
          <span
            className="text-left"
          >
            <span>
              O que devo fazer se tenho cadeiras em diferentes cursos?
            </span>
          </span>
          <svg
            aria-hidden="true"
            className="h-5 w-5 min-w-[1.25rem] transition group-hover:text-white lg:h-6 lg:w-6 lg:min-w-[1.5rem]"
            data-slot="icon"
            fill="none"
            stroke="currentColor"
            strokeWidth={1.5}
            viewBox="0 0 24 24"
            xmlns="http://www.w3.org/2000/svg"
          >
            <path
              d="m4.5 15.75 7.5-7.5 7.5 7.5"
              strokeLinecap="round"
              strokeLinejoin="round"
            />
          </svg>
        </button>
      </div>
      <div
        className="rounded-2xl bg-white p-3 dark:bg-dark"
        data-headlessui-state=""
      >
        <button
          aria-expanded={false}
          className="group flex w-full items-center justify-between gap-1 rounded-lg bg-slate-200 px-3 py-2 text-sm font-medium tracking-tight text-slate-800 transition hover:bg-slate-700 hover:text-white dark:bg-primary/40 dark:text-white dark:hover:bg-primary/60 lg:px-4 lg:text-base"
          data-headlessui-state=""
          id="headlessui-disclosure-button-:r2:"
          onClick={[Function]}
          onKeyDown={[Function]}
          onKeyUp={[Function]}
          type="button"
        >
          <span
            className="text-left"
          >
            <span>
              O que devo fazer se não gostar do horário que obtiver?
            </span>
          </span>
          <svg
            aria-hidden="true"
            className="h-5 w-5 min-w-[1.25rem] transition group-hover:text-white lg:h-6 lg:w-6 lg:min-w-[1.5rem]"
            data-slot="icon"
            fill="none"
            stroke="currentColor"
            strokeWidth={1.5}
            viewBox="0 0 24 24"
            xmlns="http://www.w3.org/2000/svg"
          >
            <path
              d="m4.5 15.75 7.5-7.5 7.5 7.5"
              strokeLinecap="round"
              strokeLinejoin="round"
            />
          </svg>
        </button>
      </div>
      <div
        className="rounded-2xl bg-white p-3 dark:bg-dark"
        data-headlessui-state=""
      >
        <button
          aria-expanded={false}
          className="group flex w-full items-center justify-between gap-1 rounded-lg bg-slate-200 px-3 py-2 text-sm font-medium tracking-tight text-slate-800 transition hover:bg-slate-700 hover:text-white dark:bg-primary/40 dark:text-white dark:hover:bg-primary/60 lg:px-4 lg:text-base"
          data-headlessui-state=""
          id="headlessui-disclosure-button-:r3:"
          onClick={[Function]}
          onKeyDown={[Function]}
          onKeyUp={[Function]}
          type="button"
        >
          <span
            className="text-left"
          >
            <span>
              O TTS deixa-me selecionar as cadeiras que eu quiser?
            </span>
          </span>
          <svg
            aria-hidden="true"
            className="h-5 w-5 min-w-[1.25rem] transition group-hover:text-white lg:h-6 lg:w-6 lg:min-w-[1.5rem]"
            data-slot="icon"
            fill="none"
            stroke="currentColor"
            strokeWidth={1.5}
            viewBox="0 0 24 24"
            xmlns="http://www.w3.org/2000/svg"
          >
            <path
              d="m4.5 15.75 7.5-7.5 7.5 7.5"
              strokeLinecap="round"
              strokeLinejoin="round"
            />
          </svg>
        </button>
      </div>
      <div
        className="rounded-2xl bg-white p-3 dark:bg-dark"
        data-headlessui-state=""
      >
        <button
          aria-expanded={false}
          className="group flex w-full items-center justify-between gap-1 rounded-lg bg-slate-200 px-3 py-2 text-sm font-medium tracking-tight text-slate-800 transition hover:bg-slate-700 hover:text-white dark:bg-primary/40 dark:text-white dark:hover:bg-primary/60 lg:px-4 lg:text-base"
          data-headlessui-state=""
          id="headlessui-disclosure-button-:r4:"
          onClick={[Function]}
          onKeyDown={[Function]}
          onKeyUp={[Function]}
          type="button"
        >
          <span
            className="text-left"
          >
            <span>
              Para que servem os cadeados ao lado de cada opção de unidade curricular?
            </span>
          </span>
          <svg
            aria-hidden="true"
            className="h-5 w-5 min-w-[1.25rem] transition group-hover:text-white lg:h-6 lg:w-6 lg:min-w-[1.5rem]"
            data-slot="icon"
            fill="none"
            stroke="currentColor"
            strokeWidth={1.5}
            viewBox="0 0 24 24"
            xmlns="http://www.w3.org/2000/svg"
          >
            <path
              d="m4.5 15.75 7.5-7.5 7.5 7.5"
              strokeLinecap="round"
              strokeLinejoin="round"
            />
          </svg>
        </button>
      </div>
    </div>
  </div>
</div>
`;
